[?7h[40m[2J[56C[0;1mÜ
[56C³
[56C³
[56Cº
[56Cº
[55CÚÊ¿
[15C[44m                                                [40m
[15C[44m   [42C   [40m
[15C[44m   [8C[32;40mMhz ( )[10CVol[6CBal[5C[44m   [40m
[15C[44m   [25C[40mTre[6CBas[5C[44m   [40m
[15C[44m                                                [40m
[15C[44m  [33m [D   [37mScan   [33m [D   [37mSignal [40m°°±±²²Û[44m   [33m [D  [37mVolume  [33m [D  [40m
[15C[44m   [D   [37mTune   [33m [D                     [D  [37mTreble  [33m [D  [40m
[15C[44m   [D  [37mPreset  [33m [D                     [D   [37mBass   [33m [D  [40m
[15C[44m   [D [37mExt mode [33m [D     [D  [37mBalance  [33m [D   [û] Turn off  [40m
[15C[44m               LúúúúúúúúöúúúúúúúúR    at exit   [40m
[15C[44m                                                [40m







[0m[255D